Camilo@JCRT MINGW64 ~/Documents/SENA ANDREA/FASE EJECUCIÓN/GUIA 7/RepositorioPrograma-git (master)
$ git init
Reinitialized existing Git repository in C:/Users/Camilo/Documents/SENA ANDREA/FASE EJECUCIÓN/GUIA 7/RepositorioPrograma-git/.git/

Camilo@JCRT MINGW64 ~/Documents/SENA ANDREA/FASE EJECUCIÓN/GUIA 7/RepositorioPrograma-git (master)
$ git remote add origin https://github.com/Andreasilva-code/Programa-git.git

Camilo@JCRT MINGW64 ~/Documents/SENA ANDREA/FASE EJECUCIÓN/GUIA 7/RepositorioPrograma-git (master)
$ git remote -v
origin  https://github.com/Andreasilva-code/Programa-git.git (fetch)
origin  https://github.com/Andreasilva-code/Programa-git.git (push)

Camilo@JCRT MINGW64 ~/Documents/SENA ANDREA/FASE EJECUCIÓN/GUIA 7/RepositorioPrograma-git (master)
$ git push -u origin master
error: src refspec master does not match any
error: failed to push some refs to 'https://github.com/Andreasilva-code/Programa-git.git'

Camilo@JCRT MINGW64 ~/Documents/SENA ANDREA/FASE EJECUCIÓN/GUIA 7/RepositorioPrograma-git (master)
$ git push github master
error: src refspec master does not match any
error: failed to push some refs to 'github'

Camilo@JCRT MINGW64 ~/Documents/SENA ANDREA/FASE EJECUCIÓN/GUIA 7/RepositorioPrograma-git (master)
$ cat kotlin.txt
Nombre de usuario: Andrea silva
Correo: andreita.silva.macias@gamil.com
Camilo@JCRT MINGW64 ~/Documents/SENA ANDREA/FASE EJECUCIÓN/GUIA 7/RepositorioPrograma-git (master)
$ git add .

Camilo@JCRT MINGW64 ~/Documents/SENA ANDREA/FASE EJECUCIÓN/GUIA 7/RepositorioPrograma-git (master)
$ git status
On branch master

No commits yet

Changes to be committed:
  (use "git rm --cached <file>..." to unstage)
        new file:   Kotlin.txt


Camilo@JCRT MINGW64 ~/Documents/SENA ANDREA/FASE EJECUCIÓN/GUIA 7/RepositorioPrograma-git (master)
$ git commit -m
error: switch `m' requires a value

Camilo@JCRT MINGW64 ~/Documents/SENA ANDREA/FASE EJECUCIÓN/GUIA 7/RepositorioPrograma-git (master)
$ git commit -m "añadido archivo"
[master (root-commit) a737398] añadido archivo
 1 file changed, 2 insertions(+)
 create mode 100644 Kotlin.txt

Camilo@JCRT MINGW64 ~/Documents/SENA ANDREA/FASE EJECUCIÓN/GUIA 7/RepositorioPrograma-git (master)
$ git push origin master
Enumerating objects: 3, done.
Counting objects: 100% (3/3), done.
Delta compression using up to 8 threads
Compressing objects: 100% (2/2), done.
Writing objects: 100% (3/3), 291 bytes | 291.00 KiB/s, done.
Total 3 (delta 0), reused 0 (delta 0), pack-reused 0 (from 0)
To https://github.com/Andreasilva-code/Programa-git.git
 * [new branch]      master -> master

Camilo@JCRT MINGW64 ~/Documents/SENA ANDREA/FASE EJECUCIÓN/GUIA 7/RepositorioPrograma-git (master)
$ Git branch
* master

Camilo@JCRT MINGW64 ~/Documents/SENA ANDREA/FASE EJECUCIÓN/GUIA 7/RepositorioPrograma-git (master)
$ Git branch -r
  origin/master

Camilo@JCRT MINGW64 ~/Documents/SENA ANDREA/FASE EJECUCIÓN/GUIA 7/RepositorioPrograma-git (master)
$ Git branch -a
* master
  remotes/origin/master

Camilo@JCRT MINGW64 ~/Documents/SENA ANDREA/FASE EJECUCIÓN/GUIA 7/RepositorioPrograma-git (master)
$ git init